// Vitest Snapshot v1, https://vitest.dev/guide/snapshot.html

exports[`layars-button-group > spec > default 1`] = `
"
        <div class="" lit="">
            <slot></slot>
        </div>
    <style>

.orientation--row {
    display: inline-flex;
    flex-direction: row;
}

.orientation--column {
    display: flex;
    flex-direction: column;
}


.spacing--tight {
    gap: var(--layars-sizes-size-4);
}

.spacing--normal {
    gap: var(--layars-sizes-size-8);
}

.spacing--loose {
    gap: var(--layars-sizes-size-12);
}

</style>"
`;
